<html>
<body>
<pre>
<h1>µVision Build Log</h1>
<h2>Tool Versions:</h2>
IDE-Version: ¦ÌVision V5.28.0.0
Copyright (C) 2019 ARM Ltd and ARM Germany GmbH. All rights reserved.
License Information: tim yep, sihid, LIC=----
 
Tool Versions:
Toolchain:       MDK-Lite  Version: 5.28.0.0
Toolchain Path:  C:\Keil_v5\ARM\ARMCC\Bin
C Compiler:      Armcc.exe V5.06 update 6 (build 750)
Assembler:       Armasm.exe V5.06 update 6 (build 750)
Linker/Locator:  ArmLink.exe V5.06 update 6 (build 750)
Library Manager: ArmAr.exe V5.06 update 6 (build 750)
Hex Converter:   FromElf.exe V5.06 update 6 (build 750)
CPU DLL:         SARMCM3.DLL V5.28.0.0
Dialog DLL:      DARMCM1.DLL V1.19.2.0
Target DLL:      STLink\ST-LINKIII-KEIL_SWO.dll V3.0.6.0
Dialog DLL:      TARMCM1.DLL V1.14.1.0
 
<h2>Project:</h2>
D:\work\hdmi_mipi_7inch\target_60Hz_public\mipi7inch\stm32f030_ssd2828\Blinky.uvprojx
Project File Date:  04/25/2020

<h2>Output:</h2>
*** Using Compiler 'V5.06 update 6 (build 750)', folder: 'C:\Keil_v5\ARM\ARMCC\Bin'
Rebuild target 'STM32F030 Flash'
compiling Retarget.c...
compiling SpiFF.c...
compiling Spi.c...
compiling Serial.c...
compiling gpio.c...
compiling Blinky.c...
Blinky.c(101): warning:  #550-D: variable "ret"  was set but never used
  	int ret;
Blinky.c(103): warning:  #177-D: variable "rx_ch"  was declared but never referenced
  	int rx_ch;
Blinky.c(104): warning:  #177-D: variable "i"  was declared but never referenced
  	int i;
Blinky.c(106): warning:  #177-D: variable "rd_ret"  was declared but never referenced
  	uint32_t rd_ret;
Blinky.c(108): warning:  #177-D: variable "mode"  was declared but never referenced
  	unsigned int mode;
Blinky.c(109): warning:  #177-D: variable "sf_id"  was declared but never referenced
  	u8 sf_id[20];
Blinky.c: 6 warnings, 0 errors
assembling startup_stm32f030x8.s...
compiling Buttons_STM32F030-Discovery.c...
compiling LED_STM32F030-Discovery.c...
compiling ssd2828.c...
ssd2828.h(384): warning:  #177-D: variable "ret"  was declared but never referenced
  	int ret;
ssd2828.c: 1 warning, 0 errors
compiling perh.c...
perh.c(127): warning:  #177-D: variable "ret"  was declared but never referenced
    uint8_t ret;
perh.c: 1 warning, 0 errors
compiling system_stm32f0xx.c...
linking...
Program Size: Code=9572 RO-data=244 RW-data=20 ZI-data=1028  
FromELF: creating hex file...
".\Flash\Blinky.axf" - 0 Error(s), 8 Warning(s).

<h2>Software Packages used:</h2>

Package Vendor: ARM
                http://www.keil.com/pack/ARM.CMSIS.5.5.1.pack
                ARM.CMSIS.5.5.1
                CMSIS (Cortex Microcontroller Software Interface Standard)
   * Component: CORE Version: 5.2.0

Package Vendor: Keil
                http://www.keil.com/pack/Keil.MDK-Middleware.7.8.0.pack
                Keil.MDK-Middleware.7.8.0
                Middleware for Keil MDK-Professional and MDK-Plus
   * Component: Buttons Version: 1.0.0
   * Component: LED Version: 1.0.0

Package Vendor: Keil
                http://www.keil.com/pack/Keil.STM32F0xx_DFP.1.5.0.pack
                Keil.STM32F0xx_DFP.1.5.0
                STMicroelectronics STM32F0 Series Device Support and Examples
   * Component: Buttons Version: 1.0.0
   * Component: LED Version: 1.0.0
   * Component: Startup Version: 2.2.3

<h2>Collection of Component include folders:</h2>
  .\RTE\_STM32F030_Flash
  C:\Users\Tim.Yep\AppData\Local\Arm\Packs\ARM\CMSIS\5.5.1\CMSIS\Core\Include
  C:\Users\Tim.Yep\AppData\Local\Arm\Packs\Keil\MDK-Middleware\7.8.0\Board
  C:\Users\Tim.Yep\AppData\Local\Arm\Packs\Keil\STM32F0xx_DFP\1.5.0\Device\Include

<h2>Collection of Component Files used:</h2>

   * Component: ::Board Support:Buttons:1.0.0 (API)
      Include file:  Board\Board_Buttons.h

   * Component: ::Board Support:LED:1.0.0 (API)
      Include file:  Board\Board_LED.h

   * Component: ARM::CMSIS:CORE:5.2.0

   * Component: Keil.STM32F030-Discovery::Board Support:Buttons:1.0.0
      Source file:   Boards\ST\STM32F030-Discovery\Common\Buttons_STM32F030-Discovery.c

   * Component: Keil.STM32F030-Discovery::Board Support:LED:1.0.0
      Source file:   Boards\ST\STM32F030-Discovery\Common\LED_STM32F030-Discovery.c

   * Component: Keil::Device:Startup:2.2.3
      Source file:   Device\Source\ARM\startup_stm32f030x8.s
      Source file:   Device\Source\system_stm32f0xx.c
      Source file:   Device\Source\ARM\STM32F0xx_OPT.s
Build Time Elapsed:  00:00:01
</pre>
</body>
</html>
